------------------------------------------------------------
Timing Analyzer Summary
------------------------------------------------------------

Type  : Slow 1100mV 85C Model Setup 'clk'
Slack : -4.949
TNS   : -68.547

Type  : Slow 1100mV 85C Model Hold 'clk'
Slack : 0.306
TNS   : 0.000

Type  : Slow 1100mV 85C Model Minimum Pulse Width 'clk'
Slack : 3.419
TNS   : 0.000

Type  : Slow 1100mV 0C Model Setup 'clk'
Slack : -5.225
TNS   : -75.952

Type  : Slow 1100mV 0C Model Hold 'clk'
Slack : 0.300
TNS   : 0.000

Type  : Slow 1100mV 0C Model Minimum Pulse Width 'clk'
Slack : 3.350
TNS   : 0.000

Type  : Fast 1100mV 85C Model Setup 'clk'
Slack : 3.812
TNS   : 0.000

Type  : Fast 1100mV 85C Model Hold 'clk'
Slack : 0.136
TNS   : 0.000

Type  : Fast 1100mV 85C Model Minimum Pulse Width 'clk'
Slack : 3.785
TNS   : 0.000

Type  : Fast 1100mV 0C Model Setup 'clk'
Slack : 4.245
TNS   : 0.000

Type  : Fast 1100mV 0C Model Hold 'clk'
Slack : 0.123
TNS   : 0.000

Type  : Fast 1100mV 0C Model Minimum Pulse Width 'clk'
Slack : 3.776
TNS   : 0.000

------------------------------------------------------------
