Flow report for linien-capstone
Thu Apr  9 15:57:04 2026
Quartus Prime Version 25.1std.0 Build 1129 10/21/2025 SC Lite Edition


---------------------
; Table of Contents ;
---------------------
  1. Legal Notice
  2. Flow Summary
  3. Flow Settings
  4. Flow Non-Default Global Settings
  5. Flow Elapsed Time
  6. Flow OS Summary
  7. Flow Log
  8. Flow Messages
  9. Flow Suppressed Messages



----------------
; Legal Notice ;
----------------
Copyright (C) 2025  Altera Corporation. All rights reserved.
Your use of Altera Corporation's design tools, logic functions 
and other software and tools, and any partner logic 
functions, and any output files from any of the foregoing 
(including device programming or simulation files), and any 
associated documentation or information are expressly subject 
to the terms and conditions of the Altera Program License 
Subscription Agreement, the Altera Quartus Prime License Agreement,
the Altera IP License Agreement, or other applicable license
agreement, including, without limitation, that your use is for
the sole purpose of programming logic devices manufactured by
Altera and sold by Altera or its authorized distributors.  Please
refer to the Altera Software License Subscription Agreements 
on the Quartus Prime software download page.



+-----------------------------------------------------------------------------------+
; Flow Summary                                                                      ;
+---------------------------------+-------------------------------------------------+
; Flow Status                     ; Successful - Thu Apr  9 15:57:04 2026           ;
; Quartus Prime Version           ; 25.1std.0 Build 1129 10/21/2025 SC Lite Edition ;
; Revision Name                   ; linien-capstone                                 ;
; Top-level Entity Name           ; top                                             ;
; Family                          ; Cyclone V                                       ;
; Device                          ; 5CGXFC7C7F23C8                                  ;
; Timing Models                   ; Final                                           ;
; Logic utilization (in ALMs)     ; 602 / 56,480 ( 1 % )                            ;
; Total registers                 ; 622                                             ;
; Total pins                      ; 103 / 268 ( 38 % )                              ;
; Total virtual pins              ; 0                                               ;
; Total block memory bits         ; 22,528 / 7,024,640 ( < 1 % )                    ;
; Total DSP Blocks                ; 2 / 156 ( 1 % )                                 ;
; Total HSSI RX PCSs              ; 0 / 6 ( 0 % )                                   ;
; Total HSSI PMA RX Deserializers ; 0 / 6 ( 0 % )                                   ;
; Total HSSI TX PCSs              ; 0 / 6 ( 0 % )                                   ;
; Total HSSI PMA TX Serializers   ; 0 / 6 ( 0 % )                                   ;
; Total PLLs                      ; 0 / 13 ( 0 % )                                  ;
; Total DLLs                      ; 0 / 4 ( 0 % )                                   ;
+---------------------------------+-------------------------------------------------+


+-----------------------------------------+
; Flow Settings                           ;
+-------------------+---------------------+
; Option            ; Setting             ;
+-------------------+---------------------+
; Start date & time ; 04/09/2026 15:55:31 ;
; Main task         ; Compilation         ;
; Revision Name     ; linien-capstone     ;
+-------------------+---------------------+


+--------------------------------------------------------------------------------------------------------------------------------------------------+
; Flow Non-Default Global Settings                                                                                                                 ;
+-------------------------------------+----------------------------------------+-----------------+-------------+-----------------------------------+
; Assignment Name                     ; Value                                  ; Default Value   ; Entity Name ; Section Id                        ;
+-------------------------------------+----------------------------------------+-----------------+-------------+-----------------------------------+
; COMPILER_SIGNATURE_ID               ; 92826786008597.177576813020116         ; --              ; --          ; --                                ;
; EDA_GENERATE_FUNCTIONAL_NETLIST     ; Off                                    ; --              ; --          ; eda_board_design_timing           ;
; EDA_GENERATE_FUNCTIONAL_NETLIST     ; Off                                    ; --              ; --          ; eda_board_design_boundary_scan    ;
; EDA_GENERATE_FUNCTIONAL_NETLIST     ; Off                                    ; --              ; --          ; eda_board_design_signal_integrity ;
; EDA_GENERATE_FUNCTIONAL_NETLIST     ; Off                                    ; --              ; --          ; eda_board_design_symbol           ;
; EDA_OUTPUT_DATA_FORMAT              ; Verilog Hdl                            ; --              ; --          ; eda_simulation                    ;
; EDA_SIMULATION_TOOL                 ; Questa Altera FPGA (Verilog)           ; <None>          ; --          ; --                                ;
; EDA_TIME_SCALE                      ; 1 ps                                   ; --              ; --          ; eda_simulation                    ;
; MAX_CORE_JUNCTION_TEMP              ; 85                                     ; --              ; --          ; --                                ;
; MIN_CORE_JUNCTION_TEMP              ; 0                                      ; --              ; --          ; --                                ;
; PARTITION_COLOR                     ; -- (Not supported for targeted family) ; --              ; top         ; Top                               ;
; PARTITION_FITTER_PRESERVATION_LEVEL ; -- (Not supported for targeted family) ; --              ; top         ; Top                               ;
; PARTITION_NETLIST_TYPE              ; -- (Not supported for targeted family) ; --              ; top         ; Top                               ;
; POWER_BOARD_THERMAL_MODEL           ; None (CONSERVATIVE)                    ; --              ; --          ; --                                ;
; POWER_PRESET_COOLING_SOLUTION       ; 23 MM HEAT SINK WITH 200 LFPM AIRFLOW  ; --              ; --          ; --                                ;
; PROJECT_OUTPUT_DIRECTORY            ; output_files                           ; --              ; --          ; --                                ;
; TOP_LEVEL_ENTITY                    ; top                                    ; linien-capstone ; --          ; --                                ;
+-------------------------------------+----------------------------------------+-----------------+-------------+-----------------------------------+


+--------------------------------------------------------------------------------------------------------------------------+
; Flow Elapsed Time                                                                                                        ;
+----------------------+--------------+-------------------------+---------------------+------------------------------------+
; Module Name          ; Elapsed Time ; Average Processors Used ; Peak Virtual Memory ; Total CPU Time (on all processors) ;
+----------------------+--------------+-------------------------+---------------------+------------------------------------+
; Analysis & Synthesis ; 00:00:11     ; 1.0                     ; 554 MB              ; 00:00:26                           ;
; Fitter               ; 00:01:01     ; 1.2                     ; 2351 MB             ; 00:04:03                           ;
; Assembler            ; 00:00:07     ; 1.0                     ; 531 MB              ; 00:00:07                           ;
; Timing Analyzer      ; 00:00:08     ; 2.2                     ; 1033 MB             ; 00:00:14                           ;
; EDA Netlist Writer   ; 00:00:01     ; 1.0                     ; 683 MB              ; 00:00:01                           ;
; Total                ; 00:01:28     ; --                      ; --                  ; 00:04:51                           ;
+----------------------+--------------+-------------------------+---------------------+------------------------------------+


+---------------------------------------------------------------------------------+
; Flow OS Summary                                                                 ;
+----------------------+------------------+---------+------------+----------------+
; Module Name          ; Machine Hostname ; OS Name ; OS Version ; Processor type ;
+----------------------+------------------+---------+------------+----------------+
; Analysis & Synthesis ; pop-os           ; Pop!_OS ; 22         ; x86_64         ;
; Fitter               ; pop-os           ; Pop!_OS ; 22         ; x86_64         ;
; Assembler            ; pop-os           ; Pop!_OS ; 22         ; x86_64         ;
; Timing Analyzer      ; pop-os           ; Pop!_OS ; 22         ; x86_64         ;
; EDA Netlist Writer   ; pop-os           ; Pop!_OS ; 22         ; x86_64         ;
+----------------------+------------------+---------+------------+----------------+


------------
; Flow Log ;
------------
quartus_map --read_settings_files=on --write_settings_files=off linien-capstone -c linien-capstone
quartus_fit --read_settings_files=off --write_settings_files=off linien-capstone -c linien-capstone
quartus_asm --read_settings_files=off --write_settings_files=off linien-capstone -c linien-capstone
quartus_sta linien-capstone -c linien-capstone
quartus_eda --read_settings_files=off --write_settings_files=off linien-capstone -c linien-capstone



